// Vitest Snapshot v1, https://vitest.dev/guide/snapshot.html

exports[`MazTable > should render the component 1`] = `
"<div data-v-ac035b54="" class="m-table">
  <!--v-if-->
  <table data-v-ac035b54="" class="">
    <!--v-if-->
    <thead data-v-ac035b54="">
      <!--
          @slot thead - content in thead element
        -->
      <maztablerow data-v-ac035b54="" no-hoverable="">
        <!--v-if-->
        <!--v-if-->
      </maztablerow>
    </thead>
    <!--v-if-->
    <tbody data-v-ac035b54="" class="">
      <maztablerow data-v-ac035b54="">
        <maztablecell data-v-ac035b54="" colspan="0">
          <!--
                  @slot no-results - replace no results
                -->
          <p data-v-ac035b54="" class="maz-text-center maz-text-muted">
            <!--
                      @slot no-results-text - replace no results test only
                    --> No results
          </p>
        </maztablecell>
      </maztablerow>
    </tbody>
  </table>
  <!--v-if-->
</div>"
`;
