// Vitest Snapshot v1

exports[`components/MazTextarea.vue > Should match with the snapshot 1`] = `
"<div class=\\"m-textarea\\" data-v-144c4295=\\"\\">
  <!--v-if--><textarea id=\\"MazTextarea-1\\" name=\\"MazTextarea\\" class=\\"--default-border\\" data-v-144c4295=\\"\\" style=\\"resize: none; box-sizing: border-box;\\"></textarea>
</div>"
`;
