// Vitest Snapshot v1, https://vitest.dev/guide/snapshot.html

exports[`MazTabs.vue > Should match with the snapshot 1`] = `"<div class=\\"m-tabs\\"></div>"`;
