// Vitest Snapshot v1

exports[`MazDialogPromise > Should match with the snapshot 1`] = `<!--v-if-->`;
