// Vitest Snapshot v1

exports[`components/MazSelect.vue > Should match with the snapshot 1`] = `
"<div class=\\"m-select\\" data-v-35fa79e0=\\"\\">
  <div class=\\"m-input --is-readonly m-select-input --primary --md\\" data-v-62586b96=\\"\\" data-v-35fa79e0=\\"\\">
    <div class=\\"m-input-wrapper maz-border --default-border maz-rounded-lg\\" data-v-62586b96=\\"\\">
      <!--v-if-->
      <div class=\\"m-input-wrapper-input\\" data-v-62586b96=\\"\\"><input id=\\"MazSelect-1\\" type=\\"text\\" name=\\"input\\" class=\\"m-select-input m-input-input\\" readonly=\\"\\" data-v-62586b96=\\"\\">
        <!--v-if-->
      </div>
      <div class=\\"m-input-wrapper-right\\" data-v-62586b96=\\"\\"><button tabindex=\\"-1\\" type=\\"button\\" class=\\"m-select-input__toggle-button maz-custom maz-flex maz-h-full maz-bg-transparent maz-flex-center\\" data-v-35fa79e0=\\"\\">
          <!-- eslint-disable vue/no-v-html -->
          <!--v-if-->
          <!-- eslint-enable vue/no-v-html -->
        </button>
        <!--v-if-->
        <!--v-if-->
      </div>
    </div>
  </div>
  <transition-stub data-v-35fa79e0=\\"\\">
    <!--v-if-->
  </transition-stub>
</div>"
`;
