// Vitest Snapshot v1, https://vitest.dev/guide/snapshot.html

exports[`MazAvatar > Should match with the snapshot 1`] = `
"<div data-v-ac4ded86=\\"\\" class=\\"m-avatar\\">
  <div data-v-ac4ded86=\\"\\" class=\\"m-avatar__wrapper --has-shadow\\" tabindex=\\"-1\\">
    <!--v-if-->
    <!--v-if-->
    <!--v-if-->
  </div>
  <!--v-if-->
</div>"
`;
