// Vitest Snapshot v1

exports[`components/MazInput.vue > Should match with the snapshot 1`] = `
"<div data-v-562a2cff=\\"\\" class=\\"m-input maz-input-price --primary --md\\">
  <div data-v-562a2cff=\\"\\" class=\\"m-input-wrapper --default-border maz-rounded\\">
    <div data-v-562a2cff=\\"\\" class=\\"m-input-wrapper-left\\"><svg xmlns=\\"http://www.w3.org/2000/svg\\" fill=\\"none\\" viewBox=\\"0 0 24 24\\" stroke=\\"currentColor\\" aria-hidden=\\"true\\" class=\\"maz-text-mute maz-ml-1 maz-h-6 maz-w-6\\">
        <path stroke-linecap=\\"round\\" stroke-linejoin=\\"round\\" stroke-width=\\"2\\" d=\\"M17 9V7a2 2 0 00-2-2H5a2 2 0 00-2 2v6a2 2 0 002 2h2m2 4h10a2 2 0 002-2v-6a2 2 0 00-2-2H9a2 2 0 00-2 2v6a2 2 0 002 2zm7-5a2 2 0 11-4 0 2 2 0 014 0z\\"></path>
      </svg></div>
    <div data-v-562a2cff=\\"\\" class=\\"m-input-wrapper-input\\"><input data-v-562a2cff=\\"\\" id=\\"MazInput-2\\" type=\\"text\\" name=\\"input\\" class=\\"maz-input-price m-input-input\\">
      <!--v-if-->
    </div>
    <!--v-if-->
  </div>
</div>"
`;
