// Vitest Snapshot v1, https://vitest.dev/guide/snapshot.html

exports[`MazChart > Should match with  the snapshot 1`] = `""`;
