// Vitest Snapshot v1

exports[`components/MazTransitionExpand.vue > Should match with the snapshot 1`] = `"<transition-group-stub name=\\"maz-expand\\" tag=\\"div\\" appear=\\"false\\" persisted=\\"false\\" css=\\"true\\" class=\\"m-transition-expand\\" data-v-2a8b98b3=\\"\\"></transition-group-stub>"`;
