// Vitest Snapshot v1, https://vitest.dev/guide/snapshot.html

exports[`mazDialog > should match with the snapshot 1`] = `"<maz-backdrop-stub data-v-ac518804="" modelvalue="false" teleportselector="body" persistent="false" nocloseonesckey="false" transitionname="modal-anim" aria-labelledby="dialogTitle" aria-describedby="dialogDesc"></maz-backdrop-stub>"`;
