// Vitest Snapshot v1, https://vitest.dev/guide/snapshot.html

exports[`components/MazPhoneNumberInput.vue > Should match with the snapshot 1`] = `
"<div data-v-4fe76c65=\\"\\" id=\\"MazPhoneNumberInput-1\\" class=\\"m-phone-number-input\\">
  <!--v-if-->
  <maz-select-stub data-v-4fe76c65=\\"\\" style=\\"width: 9rem;\\" class=\\"m-phone-number-input__select\\" options=\\"[object Object],[object Object],[object Object],[object Object],[object Object],[object Object],[object Object],[object Object],[object Object],[object Object],[object Object],[object Object],[object Object],[object Object],[object Object],[object Object],[object Object],[object Object],[object Object],[object Object],[object Object],[object Object],[object Object],[object Object],[object Object],[object Object],[object Object],[object Object],[object Object],[object Object],[object Object],[object Object],[object Object],[object Object],[object Object],[object Object],[object Object],[object Object],[object Object],[object Object],[object Object],[object Object],[object Object],[object Object],[object Object],[object Object],[object Object],[object Object],[object Object],[object Object],[object Object],[object Object],[object Object],[object Object],[object Object],[object Object],[object Object],[object Object],[object Object],[object Object],[object Object],[object Object],[object Object],[object Object],[object Object],[object Object],[object Object],[object Object],[object Object],[object Object],[object Object],[object Object],[object Object],[object Object],[object Object],[object Object],[object Object],[object Object],[object Object],[object Object],[object Object],[object Object],[object Object],[object Object],[object Object],[object Object],[object Object],[object Object],[object Object],[object Object],[object Object],[object Object],[object Object],[object Object],[object Object],[object Object],[object Object],[object Object],[object Object],[object Object],[object Object],[object Object],[object Object],[object Object],[object Object],[object Object],[object Object],[object Object],[object Object],[object Object],[object Object],[object Object],[object Object],[object Object],[object Object],[object Object],[object Object],[object Object],[object Object],[object Object],[object Object],[object Object],[object Object],[object Object],[object Object],[object Object],[object Object],[object Object],[object Object],[object Object],[object Object],[object Object],[object Object],[object Object],[object Object],[object Object],[object Object],[object Object],[object Object],[object Object],[object Object],[object Object],[object Object],[object Object],[object Object],[object Object],[object Object],[object Object],[object Object],[object Object],[object Object],[object Object],[object Object],[object Object],[object Object],[object Object],[object Object],[object Object],[object Object],[object Object],[object Object],[object Object],[object Object],[object Object],[object Object],[object Object],[object Object],[object Object],[object Object],[object Object],[object Object],[object Object],[object Object],[object Object],[object Object],[object Object],[object Object],[object Object],[object Object],[object Object],[object Object],[object Object],[object Object],[object Object],[object Object],[object Object],[object Object],[object Object],[object Object],[object Object],[object Object],[object Object],[object Object],[object Object],[object Object],[object Object],[object Object],[object Object],[object Object],[object Object],[object Object],[object Object],[object Object],[object Object],[object Object],[object Object],[object Object],[object Object],[object Object],[object Object],[object Object],[object Object],[object Object],[object Object],[object Object],[object Object],[object Object],[object Object],[object Object],[object Object],[object Object],[object Object],[object Object],[object Object],[object Object],[object Object],[object Object],[object Object],[object Object],[object Object],[object Object],[object Object],[object Object],[object Object],[object Object],[object Object],[object Object],[object Object],[object Object],[object Object],[object Object],[object Object],[object Object],[object Object],[object Object]\\" optionvaluekey=\\"iso2\\" optionlabelkey=\\"name\\" optioninputvaluekey=\\"dialCode\\" listposition=\\"bottom left\\" required=\\"false\\" disabled=\\"false\\" open=\\"false\\" color=\\"primary\\" itemheight=\\"40\\" maxlistheight=\\"240\\" maxlistwidth=\\"250\\" size=\\"md\\" search=\\"true\\" searchplaceholder=\\"Search the country\\" multiple=\\"false\\" error=\\"true\\" hint=\\"Choose country\\" label=\\"Country code\\" success=\\"true\\"></maz-select-stub>
  <maz-input-stub data-v-4fe76c65=\\"\\" class=\\"m-phone-number-input__input maz-flex-1 --border-radius\\" modelvalue=\\"06 58 58 47 29\\" color=\\"primary\\" label=\\"Phone number\\" name=\\"input\\" type=\\"tel\\" required=\\"false\\" disabled=\\"false\\" error=\\"false\\" success=\\"true\\" warning=\\"false\\" noborder=\\"false\\" noradius=\\"false\\" size=\\"md\\" debounce=\\"false\\" debouncedelay=\\"500\\" validbutton=\\"false\\" validbuttonloading=\\"false\\" autofocus=\\"false\\" borderactive=\\"false\\" icon-name=\\"phone\\" clearable=\\"\\"></maz-input-stub>
</div>"
`;
