// Vitest Snapshot v1

exports[`components/MazPicker.vue 1`] = `
"<div class=\\"m-picker m-picker--primary m-picker--bottom m-picker--left\\" data-v-43f83472=\\"\\">
  <div class=\\"m-input --is-readonly m-picker__input --primary --md\\" data-v-62586b96=\\"\\" data-v-43f83472=\\"\\">
    <div class=\\"m-input-wrapper maz-border --default-border maz-rounded-lg\\" data-v-62586b96=\\"\\">
      <!--v-if-->
      <div class=\\"m-input-wrapper-input\\" data-v-62586b96=\\"\\"><input id=\\"MazInput\\" type=\\"text\\" name=\\"input\\" autocomplete=\\"off\\" class=\\"m-picker__input m-input-input\\" readonly=\\"\\" data-v-62586b96=\\"\\">
        <!--v-if-->
      </div>
      <div class=\\"m-input-wrapper-right\\" data-v-62586b96=\\"\\"><button tabindex=\\"-1\\" class=\\"m-picker__button\\" data-v-43f83472=\\"\\">
          <!-- eslint-disable vue/no-v-html -->
          <!--v-if-->
          <!-- eslint-enable vue/no-v-html -->
        </button>
        <!--v-if-->
        <!--v-if-->
      </div>
    </div>
  </div>
  <transition-stub data-v-43f83472=\\"\\">
    <div class=\\"m-picker-container --has-date\\" id=\\"mazPickerContainer-1\\" data-v-5d9b7c5a=\\"\\" data-v-43f83472=\\"\\" style=\\"display: none;\\">
      <div class=\\"m-picker-header --primary m-picker-container__header\\" data-v-bf7ebef8=\\"\\" data-v-5d9b7c5a=\\"\\">
        <div class=\\"m-picker-header__date\\" data-v-bf7ebef8=\\"\\">
          <transition-group-stub data-v-bf7ebef8=\\"\\"><span class=\\"m-picker-header__year-text\\" data-v-bf7ebef8=\\"\\">-</span></transition-group-stub>
          <transition-group-stub data-v-bf7ebef8=\\"\\"><span class=\\"m-picker-header__date-text\\" data-v-bf7ebef8=\\"\\">-</span></transition-group-stub>
        </div>
        <!--v-if-->
      </div>
      <div class=\\"m-picker-container__wrapper\\" data-v-5d9b7c5a=\\"\\">
        <div class=\\"maz-picker-calendar flex m-picker-container__calendar\\" data-v-44fdfcf5=\\"\\" data-v-5d9b7c5a=\\"\\">
          <!--v-if-->
          <div class=\\"maz-picker-calendar__main\\" data-v-44fdfcf5=\\"\\">
            <div class=\\"m-picker-calendar-switcher\\" data-v-f593db14=\\"\\" data-v-44fdfcf5=\\"\\"><button class=\\"m-btn --mini --transparent --cursor-pointer --is-button\\" type=\\"button\\" data-v-486cf628=\\"\\" data-v-f593db14=\\"\\">
                <!--v-if--><span class=\\"maz-flex maz-flex-center\\" data-v-486cf628=\\"\\"><!-- eslint-disable vue/no-v-html --><!--v-if--><!-- eslint-enable vue/no-v-html --></span>
                <!--v-if-->
                <!--v-if-->
              </button><button class=\\"m-picker-calendar-switcher__date m-btn --sm --transparent --cursor-pointer --is-button m-picker-calendar-switcher__date\\" type=\\"button\\" data-v-486cf628=\\"\\" data-v-f593db14=\\"\\">
                <!--v-if--><span class=\\"maz-flex maz-flex-center\\" data-v-486cf628=\\"\\">May</span>
                <!--v-if-->
                <!--v-if-->
              </button><button class=\\"m-picker-calendar-switcher__date m-btn --sm --transparent --cursor-pointer --is-button m-picker-calendar-switcher__date\\" type=\\"button\\" data-v-486cf628=\\"\\" data-v-f593db14=\\"\\">
                <!--v-if--><span class=\\"maz-flex maz-flex-center\\" data-v-486cf628=\\"\\">2022</span>
                <!--v-if-->
                <!--v-if-->
              </button><button class=\\"m-btn --mini --transparent --cursor-pointer --is-button\\" type=\\"button\\" data-v-486cf628=\\"\\" data-v-f593db14=\\"\\">
                <!--v-if--><span class=\\"maz-flex maz-flex-center\\" data-v-486cf628=\\"\\"><!-- eslint-disable vue/no-v-html --><!--v-if--><!-- eslint-enable vue/no-v-html --></span>
                <!--v-if-->
                <!--v-if-->
              </button></div>
            <transition-stub data-v-44fdfcf5=\\"\\">
              <!--v-if-->
            </transition-stub>
            <transition-stub data-v-44fdfcf5=\\"\\">
              <!--v-if-->
            </transition-stub>
            <div class=\\"maz-picker-calendar__months\\" data-v-44fdfcf5=\\"\\">
              <div class=\\"maz-picker-calendar-month\\" data-v-42c61b5c=\\"\\" data-v-44fdfcf5=\\"\\">
                <div class=\\"maz-picker-calendar-days maz-picker-calendar-month__days\\" data-v-a15a9a16=\\"\\" data-v-42c61b5c=\\"\\"><span data-v-a15a9a16=\\"\\">Sun</span><span data-v-a15a9a16=\\"\\">Mon</span><span data-v-a15a9a16=\\"\\">Tue</span><span data-v-a15a9a16=\\"\\">Wed</span><span data-v-a15a9a16=\\"\\">Thu</span><span data-v-a15a9a16=\\"\\">Fri</span><span data-v-a15a9a16=\\"\\">Sat</span></div>
                <div class=\\"maz-picker-calendar-grid\\" data-v-4e1f3e64=\\"\\" data-v-42c61b5c=\\"\\">
                  <transition-group-stub data-v-4e1f3e64=\\"\\">
                    <div class=\\"maz-picker-calendar-grid__container\\" data-v-4e1f3e64=\\"\\"><button class=\\"m-btn --mini --transparent --cursor-pointer --is-button\\" type=\\"button\\" data-v-486cf628=\\"\\" data-v-4e1f3e64=\\"\\">
                        <!--v-if--><span class=\\"maz-flex maz-flex-center\\" data-v-486cf628=\\"\\"><span data-v-4e1f3e64=\\"\\">1</span></span>
                        <!--v-if-->
                        <!--v-if-->
                      </button><button class=\\"m-btn --mini --transparent --cursor-pointer --is-button\\" type=\\"button\\" data-v-486cf628=\\"\\" data-v-4e1f3e64=\\"\\">
                        <!--v-if--><span class=\\"maz-flex maz-flex-center\\" data-v-486cf628=\\"\\"><span data-v-4e1f3e64=\\"\\">2</span></span>
                        <!--v-if-->
                        <!--v-if-->
                      </button><button class=\\"m-btn --mini --transparent --cursor-pointer --is-button\\" type=\\"button\\" data-v-486cf628=\\"\\" data-v-4e1f3e64=\\"\\">
                        <!--v-if--><span class=\\"maz-flex maz-flex-center\\" data-v-486cf628=\\"\\"><span data-v-4e1f3e64=\\"\\">3</span></span>
                        <!--v-if-->
                        <!--v-if-->
                      </button><button class=\\"m-btn --mini --transparent --cursor-pointer --is-button\\" type=\\"button\\" data-v-486cf628=\\"\\" data-v-4e1f3e64=\\"\\">
                        <!--v-if--><span class=\\"maz-flex maz-flex-center\\" data-v-486cf628=\\"\\"><span data-v-4e1f3e64=\\"\\">4</span></span>
                        <!--v-if-->
                        <!--v-if-->
                      </button><button class=\\"m-btn --mini --transparent --cursor-pointer --is-button\\" type=\\"button\\" data-v-486cf628=\\"\\" data-v-4e1f3e64=\\"\\">
                        <!--v-if--><span class=\\"maz-flex maz-flex-center\\" data-v-486cf628=\\"\\"><span data-v-4e1f3e64=\\"\\">5</span></span>
                        <!--v-if-->
                        <!--v-if-->
                      </button><button class=\\"m-btn --mini --transparent --cursor-pointer --is-button\\" type=\\"button\\" data-v-486cf628=\\"\\" data-v-4e1f3e64=\\"\\">
                        <!--v-if--><span class=\\"maz-flex maz-flex-center\\" data-v-486cf628=\\"\\"><span data-v-4e1f3e64=\\"\\">6</span></span>
                        <!--v-if-->
                        <!--v-if-->
                      </button><button class=\\"m-btn --mini --transparent --cursor-pointer --is-button\\" type=\\"button\\" data-v-486cf628=\\"\\" data-v-4e1f3e64=\\"\\">
                        <!--v-if--><span class=\\"maz-flex maz-flex-center\\" data-v-486cf628=\\"\\"><span data-v-4e1f3e64=\\"\\">7</span></span>
                        <!--v-if-->
                        <!--v-if-->
                      </button><button class=\\"m-btn --mini --transparent --cursor-pointer --is-button\\" type=\\"button\\" data-v-486cf628=\\"\\" data-v-4e1f3e64=\\"\\">
                        <!--v-if--><span class=\\"maz-flex maz-flex-center\\" data-v-486cf628=\\"\\"><span data-v-4e1f3e64=\\"\\">8</span></span>
                        <!--v-if-->
                        <!--v-if-->
                      </button><button class=\\"m-btn --mini --transparent --cursor-pointer --is-button\\" type=\\"button\\" data-v-486cf628=\\"\\" data-v-4e1f3e64=\\"\\">
                        <!--v-if--><span class=\\"maz-flex maz-flex-center\\" data-v-486cf628=\\"\\"><span data-v-4e1f3e64=\\"\\">9</span></span>
                        <!--v-if-->
                        <!--v-if-->
                      </button><button class=\\"m-btn --mini --transparent --cursor-pointer --is-button\\" type=\\"button\\" data-v-486cf628=\\"\\" data-v-4e1f3e64=\\"\\">
                        <!--v-if--><span class=\\"maz-flex maz-flex-center\\" data-v-486cf628=\\"\\"><span data-v-4e1f3e64=\\"\\">10</span></span>
                        <!--v-if-->
                        <!--v-if-->
                      </button><button class=\\"m-btn --mini --transparent --cursor-pointer --is-button\\" type=\\"button\\" data-v-486cf628=\\"\\" data-v-4e1f3e64=\\"\\">
                        <!--v-if--><span class=\\"maz-flex maz-flex-center\\" data-v-486cf628=\\"\\"><span data-v-4e1f3e64=\\"\\">11</span></span>
                        <!--v-if-->
                        <!--v-if-->
                      </button><button class=\\"m-btn --mini --transparent --cursor-pointer --is-button\\" type=\\"button\\" data-v-486cf628=\\"\\" data-v-4e1f3e64=\\"\\">
                        <!--v-if--><span class=\\"maz-flex maz-flex-center\\" data-v-486cf628=\\"\\"><span data-v-4e1f3e64=\\"\\">12</span></span>
                        <!--v-if-->
                        <!--v-if-->
                      </button><button class=\\"m-btn --mini --transparent --cursor-pointer --is-button\\" type=\\"button\\" data-v-486cf628=\\"\\" data-v-4e1f3e64=\\"\\">
                        <!--v-if--><span class=\\"maz-flex maz-flex-center\\" data-v-486cf628=\\"\\"><span data-v-4e1f3e64=\\"\\">13</span></span>
                        <!--v-if-->
                        <!--v-if-->
                      </button><button class=\\"m-btn --mini --transparent --cursor-pointer --is-button\\" type=\\"button\\" data-v-486cf628=\\"\\" data-v-4e1f3e64=\\"\\">
                        <!--v-if--><span class=\\"maz-flex maz-flex-center\\" data-v-486cf628=\\"\\"><span data-v-4e1f3e64=\\"\\">14</span></span>
                        <!--v-if-->
                        <!--v-if-->
                      </button><button class=\\"m-btn --mini --transparent --cursor-pointer --is-button\\" type=\\"button\\" data-v-486cf628=\\"\\" data-v-4e1f3e64=\\"\\">
                        <!--v-if--><span class=\\"maz-flex maz-flex-center\\" data-v-486cf628=\\"\\"><span data-v-4e1f3e64=\\"\\">15</span></span>
                        <!--v-if-->
                        <!--v-if-->
                      </button><button class=\\"m-btn --mini --transparent --cursor-pointer --is-button\\" type=\\"button\\" data-v-486cf628=\\"\\" data-v-4e1f3e64=\\"\\">
                        <!--v-if--><span class=\\"maz-flex maz-flex-center\\" data-v-486cf628=\\"\\"><span data-v-4e1f3e64=\\"\\">16</span></span>
                        <!--v-if-->
                        <!--v-if-->
                      </button><button class=\\"--is-today m-btn --mini --transparent --cursor-pointer --is-button --is-today\\" type=\\"button\\" data-v-486cf628=\\"\\" data-v-4e1f3e64=\\"\\">
                        <!--v-if--><span class=\\"maz-flex maz-flex-center\\" data-v-486cf628=\\"\\"><span data-v-4e1f3e64=\\"\\">17</span></span>
                        <!--v-if-->
                        <!--v-if-->
                      </button><button class=\\"m-btn --mini --transparent --cursor-pointer --is-button\\" type=\\"button\\" data-v-486cf628=\\"\\" data-v-4e1f3e64=\\"\\">
                        <!--v-if--><span class=\\"maz-flex maz-flex-center\\" data-v-486cf628=\\"\\"><span data-v-4e1f3e64=\\"\\">18</span></span>
                        <!--v-if-->
                        <!--v-if-->
                      </button><button class=\\"m-btn --mini --transparent --cursor-pointer --is-button\\" type=\\"button\\" data-v-486cf628=\\"\\" data-v-4e1f3e64=\\"\\">
                        <!--v-if--><span class=\\"maz-flex maz-flex-center\\" data-v-486cf628=\\"\\"><span data-v-4e1f3e64=\\"\\">19</span></span>
                        <!--v-if-->
                        <!--v-if-->
                      </button><button class=\\"m-btn --mini --transparent --cursor-pointer --is-button\\" type=\\"button\\" data-v-486cf628=\\"\\" data-v-4e1f3e64=\\"\\">
                        <!--v-if--><span class=\\"maz-flex maz-flex-center\\" data-v-486cf628=\\"\\"><span data-v-4e1f3e64=\\"\\">20</span></span>
                        <!--v-if-->
                        <!--v-if-->
                      </button><button class=\\"m-btn --mini --transparent --cursor-pointer --is-button\\" type=\\"button\\" data-v-486cf628=\\"\\" data-v-4e1f3e64=\\"\\">
                        <!--v-if--><span class=\\"maz-flex maz-flex-center\\" data-v-486cf628=\\"\\"><span data-v-4e1f3e64=\\"\\">21</span></span>
                        <!--v-if-->
                        <!--v-if-->
                      </button><button class=\\"m-btn --mini --transparent --cursor-pointer --is-button\\" type=\\"button\\" data-v-486cf628=\\"\\" data-v-4e1f3e64=\\"\\">
                        <!--v-if--><span class=\\"maz-flex maz-flex-center\\" data-v-486cf628=\\"\\"><span data-v-4e1f3e64=\\"\\">22</span></span>
                        <!--v-if-->
                        <!--v-if-->
                      </button><button class=\\"m-btn --mini --transparent --cursor-pointer --is-button\\" type=\\"button\\" data-v-486cf628=\\"\\" data-v-4e1f3e64=\\"\\">
                        <!--v-if--><span class=\\"maz-flex maz-flex-center\\" data-v-486cf628=\\"\\"><span data-v-4e1f3e64=\\"\\">23</span></span>
                        <!--v-if-->
                        <!--v-if-->
                      </button><button class=\\"m-btn --mini --transparent --cursor-pointer --is-button\\" type=\\"button\\" data-v-486cf628=\\"\\" data-v-4e1f3e64=\\"\\">
                        <!--v-if--><span class=\\"maz-flex maz-flex-center\\" data-v-486cf628=\\"\\"><span data-v-4e1f3e64=\\"\\">24</span></span>
                        <!--v-if-->
                        <!--v-if-->
                      </button><button class=\\"m-btn --mini --transparent --cursor-pointer --is-button\\" type=\\"button\\" data-v-486cf628=\\"\\" data-v-4e1f3e64=\\"\\">
                        <!--v-if--><span class=\\"maz-flex maz-flex-center\\" data-v-486cf628=\\"\\"><span data-v-4e1f3e64=\\"\\">25</span></span>
                        <!--v-if-->
                        <!--v-if-->
                      </button><button class=\\"m-btn --mini --transparent --cursor-pointer --is-button\\" type=\\"button\\" data-v-486cf628=\\"\\" data-v-4e1f3e64=\\"\\">
                        <!--v-if--><span class=\\"maz-flex maz-flex-center\\" data-v-486cf628=\\"\\"><span data-v-4e1f3e64=\\"\\">26</span></span>
                        <!--v-if-->
                        <!--v-if-->
                      </button><button class=\\"m-btn --mini --transparent --cursor-pointer --is-button\\" type=\\"button\\" data-v-486cf628=\\"\\" data-v-4e1f3e64=\\"\\">
                        <!--v-if--><span class=\\"maz-flex maz-flex-center\\" data-v-486cf628=\\"\\"><span data-v-4e1f3e64=\\"\\">27</span></span>
                        <!--v-if-->
                        <!--v-if-->
                      </button><button class=\\"m-btn --mini --transparent --cursor-pointer --is-button\\" type=\\"button\\" data-v-486cf628=\\"\\" data-v-4e1f3e64=\\"\\">
                        <!--v-if--><span class=\\"maz-flex maz-flex-center\\" data-v-486cf628=\\"\\"><span data-v-4e1f3e64=\\"\\">28</span></span>
                        <!--v-if-->
                        <!--v-if-->
                      </button><button class=\\"m-btn --mini --transparent --cursor-pointer --is-button\\" type=\\"button\\" data-v-486cf628=\\"\\" data-v-4e1f3e64=\\"\\">
                        <!--v-if--><span class=\\"maz-flex maz-flex-center\\" data-v-486cf628=\\"\\"><span data-v-4e1f3e64=\\"\\">29</span></span>
                        <!--v-if-->
                        <!--v-if-->
                      </button><button class=\\"m-btn --mini --transparent --cursor-pointer --is-button\\" type=\\"button\\" data-v-486cf628=\\"\\" data-v-4e1f3e64=\\"\\">
                        <!--v-if--><span class=\\"maz-flex maz-flex-center\\" data-v-486cf628=\\"\\"><span data-v-4e1f3e64=\\"\\">30</span></span>
                        <!--v-if-->
                        <!--v-if-->
                      </button><button class=\\"m-btn --mini --transparent --cursor-pointer --is-button\\" type=\\"button\\" data-v-486cf628=\\"\\" data-v-4e1f3e64=\\"\\">
                        <!--v-if--><span class=\\"maz-flex maz-flex-center\\" data-v-486cf628=\\"\\"><span data-v-4e1f3e64=\\"\\">31</span></span>
                        <!--v-if-->
                        <!--v-if-->
                      </button></div>
                  </transition-group-stub>
                </div>
              </div>
            </div>
          </div>
        </div>
        <!--v-if-->
      </div>
    </div>
  </transition-stub>
</div>"
`;
