// Vitest Snapshot v1, https://vitest.dev/guide/snapshot.html

exports[`MazBackdrop > renders correctly 1`] = `
"<!--teleport start-->
<!--teleport end-->"
`;
