// Vitest Snapshot v1, https://vitest.dev/guide/snapshot.html

exports[`mazDialog > should match with the snapshot 1`] = `"<maz-backdrop-stub data-v-2594c6cd="" variant="dialog" arialabelledby="dialogTitle" ariadescribedby="dialogDesc" modelvalue="false" teleportselector="body" persistent="false" closeonescape="true" transitionname="modal-anim" contentpadding="true" justify="center" align="none" hideclosebutton="false"></maz-backdrop-stub>"`;
