// Vitest Snapshot v1

exports[`plugins/toaster/MazToast.vue 1`] = `"<transition-stub data-v-6ea5d0e2=\\"\\"></transition-stub>"`;
